PS F:\tsubasa> cd git_challenge 
PS F:\tsubasa\git_challenge> git init
Initialized empty Git repository in F:/tsubasa/git_challenge/.git/
PS F:\tsubasa\git_challenge> git add hello_world.txt
PS F:\tsubasa\git_challenge> git commit -m "hello_world.txtを追加" 
[main (root-commit) 834acd3] hello_world.txtを追加
 1 file changed, 1 insertion(+)
 create mode 100644 hello_world.txt
PS F:\tsubasa\git_challenge> git add hello_world.txt
PS F:\tsubasa\git_challenge> git commit -m "日本語訳を追記"
[main 0f3cac6] 日本語訳を追記
 1 file changed, 2 insertions(+), 1 deletion(-)
PS F:\tsubasa\git_challenge> git log --oneline
0f3cac6 (HEAD -> main) 日本語訳を追記
834acd3 hello_world.txtを追加